Unity Editor version:    2022.3.17f1 (4fc78088f837)
Branch:                  2022.3/staging
Build type:              Release
Batch mode:              YES
macOS version:           Version 14.5 (Build 23F79)
Darwin version:          23.5.0
Architecture:            arm64
Running under Rosetta:   NO
Available memory:        16384 MB
Using pre-set license
Pro License: YES

COMMAND LINE ARGUMENTS:
/Users/vdlrwnsv/Desktop/development/2022.3.17f1/Unity.app/Contents/MacOS/Unity
-adb2
-batchMode
-noUpm
-name
AssetImportWorker0
-projectPath
/Users/vdlrwnsv/Desktop/development/STTBI_Portal/Sparta_Portal_Game_Unity
-logFile
Logs/AssetImportWorker0.log
-srvPort
57630
Successfully changed project path to: /Users/vdlrwnsv/Desktop/development/STTBI_Portal/Sparta_Portal_Game_Unity
/Users/vdlrwnsv/Desktop/development/STTBI_Portal/Sparta_Portal_Game_Unity
[UnityMemory] Configuration Parameters - Can be set up in boot.config
    "memorysetup-bucket-allocator-granularity=16"
    "memorysetup-bucket-allocator-bucket-count=8"
    "memorysetup-bucket-allocator-block-size=33554432"
    "memorysetup-bucket-allocator-block-count=8"
    "memorysetup-main-allocator-block-size=16777216"
    "memorysetup-thread-allocator-block-size=16777216"
    "memorysetup-gfx-main-allocator-block-size=16777216"
    "memorysetup-gfx-thread-allocator-block-size=16777216"
    "memorysetup-cache-allocator-block-size=4194304"
    "memorysetup-typetree-allocator-block-size=2097152"
    "memorysetup-profiler-bucket-allocator-granularity=16"
    "memorysetup-profiler-bucket-allocator-bucket-count=8"
    "memorysetup-profiler-bucket-allocator-block-size=33554432"
    "memorysetup-profiler-bucket-allocator-block-count=8"
    "memorysetup-profiler-allocator-block-size=16777216"
    "memorysetup-profiler-editor-allocator-block-size=1048576"
    "memorysetup-temp-allocator-size-main=16777216"
    "memorysetup-job-temp-allocator-block-size=2097152"
    "memorysetup-job-temp-allocator-block-size-background=1048576"
    "memorysetup-job-temp-allocator-reduction-small-platforms=262144"
    "memorysetup-allocator-temp-initial-block-size-main=262144"
    "memorysetup-allocator-temp-initial-block-size-worker=262144"
    "memorysetup-temp-allocator-size-background-worker=32768"
    "memorysetup-temp-allocator-size-job-worker=262144"
    "memorysetup-temp-allocator-size-preload-manager=33554432"
    "memorysetup-temp-allocator-size-nav-mesh-worker=65536"
    "memorysetup-temp-allocator-size-audio-worker=65536"
    "memorysetup-temp-allocator-size-cloud-worker=32768"
    "memorysetup-temp-allocator-size-gi-baking-worker=262144"
    "memorysetup-temp-allocator-size-gfx=262144"
Player connection [8493550592] Host "[IP] 192.168.0.16 [Port] 0 [Flags] 2 [Guid] 3190070010 [EditorId] 3190070010 [Version] 1048832 [Id] OSXEditor(0,yun-igjun-uiui-MacBookAir.local) [Debug] 1 [PackageName] OSXEditor [ProjectName] Editor" joined multi-casting on [225.0.0.222:54997]...

Player connection [8493550592] Host "[IP] 192.168.0.16 [Port] 0 [Flags] 2 [Guid] 3190070010 [EditorId] 3190070010 [Version] 1048832 [Id] OSXEditor(0,yun-igjun-uiui-MacBookAir.local) [Debug] 1 [PackageName] OSXEditor [ProjectName] Editor" joined alternative multi-casting on [225.0.0.222:34997]...

[Physics::Module] Initialized MultithreadedJobDispatcher with 7 workers.
Refreshing native plugins compatible for Editor in 12.97 ms, found 2 plugins.
Preloading 0 native plugins for Editor in 0.00 ms.
Initialize engine version: 2022.3.17f1 (4fc78088f837)
[Subsystems] Discovering subsystems at path /Users/vdlrwnsv/Desktop/development/2022.3.17f1/Unity.app/Contents/Resources/UnitySubsystems
[Subsystems] Discovering subsystems at path /Users/vdlrwnsv/Desktop/development/STTBI_Portal/Sparta_Portal_Game_Unity/Assets
GfxDevice: creating device client; threaded=0; jobified=0
 preferred device: Apple M1 (high power)
Metal devices available: 1
0: Apple M1 (high power)
Using device Apple M1 (high power)
Initializing Metal device caps: Apple M1
Initialize mono
Mono path[0] = '/Users/vdlrwnsv/Desktop/development/2022.3.17f1/Unity.app/Contents/Managed'
Mono path[1] = '/Users/vdlrwnsv/Desktop/development/2022.3.17f1/Unity.app/Contents/MonoBleedingEdge/lib/mono/unityjit-macos'
Mono config path = '/Users/vdlrwnsv/Desktop/development/2022.3.17f1/Unity.app/Contents/MonoBleedingEdge/etc'
Using monoOptions --debugger-agent=transport=dt_socket,embedding=1,server=y,suspend=n,address=127.0.0.1:56306
Begin MonoManager ReloadAssembly
Registering precompiled unity dll's ...
Register platform support module: /Users/vdlrwnsv/Desktop/development/2022.3.17f1/PlaybackEngines/WebGLSupport/UnityEditor.WebGL.Extensions.dll
Register platform support module: /Users/vdlrwnsv/Desktop/development/2022.3.17f1/Unity.app/Contents/PlaybackEngines/MacStandaloneSupport/UnityEditor.OSXStandalone.Extensions.dll
Register platform support module: /Users/vdlrwnsv/Desktop/development/2022.3.17f1/PlaybackEngines/AndroidPlayer/UnityEditor.Android.Extensions.dll
Registered in 0.005398 seconds.
- Loaded All Assemblies, in  0.381 seconds
Native extension for Android target not found
Android Extension - Scanning For ADB Devices 97 ms
Native extension for OSXStandalone target not found
Native extension for WebGL target not found
Mono: successfully reloaded assembly
- Finished resetting the current domain, in  0.388 seconds
Domain Reload Profiling: 769ms
	BeginReloadAssembly (120ms)
		ExecutionOrderSort (0ms)
		DisableScriptedObjects (0ms)
		BackupInstance (0ms)
		ReleaseScriptingObjects (0ms)
		CreateAndSetChildDomain (1ms)
	RebuildCommonClasses (36ms)
	RebuildNativeTypeToScriptingClass (13ms)
	initialDomainReloadingComplete (49ms)
	LoadAllAssembliesAndSetupDomain (163ms)
		LoadAssemblies (121ms)
		RebuildTransferFunctionScriptingTraits (0ms)
		AnalyzeDomain (161ms)
			TypeCache.Refresh (160ms)
				TypeCache.ScanAssembly (146ms)
			ScanForSourceGeneratedMonoScriptInfo (0ms)
			ResolveRequiredComponents (0ms)
	FinalizeReload (389ms)
		ReleaseScriptCaches (0ms)
		RebuildScriptCaches (0ms)
		SetupLoadedEditorAssemblies (332ms)
			LogAssemblyErrors (0ms)
			InitializePlatformSupportModulesInManaged (201ms)
			SetLoadedEditorAssemblies (4ms)
			RefreshPlugins (0ms)
			BeforeProcessingInitializeOnLoad (2ms)
			ProcessInitializeOnLoadAttributes (90ms)
			ProcessInitializeOnLoadMethodAttributes (36ms)
			AfterProcessingInitializeOnLoad (0ms)
			EditorAssembliesLoaded (0ms)
		ExecutionOrderSort2 (0ms)
		AwakeInstancesAfterBackupRestoration (0ms)
========================================================================
Worker process is ready to serve import requests
Begin MonoManager ReloadAssembly
- Loaded All Assemblies, in  0.585 seconds
Refreshing native plugins compatible for Editor in 1.14 ms, found 2 plugins.
Native extension for Android target not found
Native extension for OSXStandalone target not found
Native extension for WebGL target not found
Mono: successfully reloaded assembly
- Finished resetting the current domain, in  0.630 seconds
Domain Reload Profiling: 1216ms
	BeginReloadAssembly (113ms)
		ExecutionOrderSort (0ms)
		DisableScriptedObjects (4ms)
		BackupInstance (0ms)
		ReleaseScriptingObjects (0ms)
		CreateAndSetChildDomain (27ms)
	RebuildCommonClasses (37ms)
	RebuildNativeTypeToScriptingClass (12ms)
	initialDomainReloadingComplete (35ms)
	LoadAllAssembliesAndSetupDomain (388ms)
		LoadAssemblies (254ms)
		RebuildTransferFunctionScriptingTraits (0ms)
		AnalyzeDomain (185ms)
			TypeCache.Refresh (170ms)
				TypeCache.ScanAssembly (151ms)
			ScanForSourceGeneratedMonoScriptInfo (10ms)
			ResolveRequiredComponents (4ms)
	FinalizeReload (630ms)
		ReleaseScriptCaches (0ms)
		RebuildScriptCaches (0ms)
		SetupLoadedEditorAssemblies (480ms)
			LogAssemblyErrors (0ms)
			InitializePlatformSupportModulesInManaged (19ms)
			SetLoadedEditorAssemblies (3ms)
			RefreshPlugins (0ms)
			BeforeProcessingInitializeOnLoad (46ms)
			ProcessInitializeOnLoadAttributes (395ms)
			ProcessInitializeOnLoadMethodAttributes (15ms)
			AfterProcessingInitializeOnLoad (1ms)
			EditorAssembliesLoaded (0ms)
		ExecutionOrderSort2 (0ms)
		AwakeInstancesAfterBackupRestoration (3ms)
Launching external process: /Users/vdlrwnsv/Desktop/development/2022.3.17f1/Unity.app/Contents/Tools/UnityShaderCompiler
Launched and connected shader compiler UnityShaderCompiler after 0.06 seconds
Refreshing native plugins compatible for Editor in 1.54 ms, found 2 plugins.
Preloading 0 native plugins for Editor in 0.00 ms.
Unloading 3125 Unused Serialized files (Serialized files now loaded: 0)
Unloading 30 unused Assets / (51.0 KB). Loaded Objects now: 3589.
Memory consumption went from 135.0 MB to 134.9 MB.
Total: 7.828417 ms (FindLiveObjects: 0.170625 ms CreateObjectMapping: 0.057083 ms MarkObjects: 7.443334 ms  DeleteObjects: 0.156709 ms)

AssetImportParameters requested are different than current active one (requested -> active):
  custom:container-demuxer-ogg: 62fdf1f143b41e24485cea50d1cbac27 -> 
  custom:video-decoder-ogg-theora: a1e56fd34408186e4bbccfd4996cb3dc -> 
  custom:CustomObjectIndexerAttribute: 6d391050e5a25f67b0a2c618074f2cd9 -> 
  custom:container-demuxer-webm: 4f35f7cbe854078d1ac9338744f61a02 -> 
  custom:container-muxer-webm: aa71ff27fc2769a1b78a27578f13a17b -> 
  custom:video-decoder-webm-vp8: 9c59270c3fd7afecdb556c50c9e8de78 -> 
  custom:SearchIndexIgnoredProperties: e643bd26f0fe6173181afceb89e7c659 -> 
  custom:AudioImporter_EditorPlatform: 3918e3fc78b5a79bad01e8451be0beb8 -> 
  custom:framework-osx-AVFoundation: e770b220cccbd017edd2c1fefb359320 -> 
  custom:video-encoder-webm-vp8: eb34c28f22e8b96e1ab97ce403110664 -> 
  custom:audio-decoder-ogg-vorbis: bf7c407c2cedff20999df2af8eb42d56 -> 
  custom:audio-encoder-webm-vorbis: bf7c407c2cedff20999df2af8eb42d56 -> 
========================================================================
Received Import Request.
  Time since last request: 240481.171291 seconds.
  path: Assets/Ikjoon_Forder
  artifactKey: Guid(cdb7e00364630468ab5474ef1863dd51) Importer(815301076,1909f56bfc062723c751e8b465ee728b)
Start importing Assets/Ikjoon_Forder using Guid(cdb7e00364630468ab5474ef1863dd51) Importer(815301076,1909f56bfc062723c751e8b465ee728b)  -> (artifact id: 'e6403b5aa0c34e650d8c99fd4a63922e') in 0.003756 seconds
Number of updated asset objects reloaded before import = 0
Number of asset objects unloaded after import = 0
========================================================================
Received Import Request.
  Time since last request: 53.104361 seconds.
  path: Assets/Ikjoon_Forder 1
  artifactKey: Guid(98bf080197e054223bedca66099465bf) Importer(815301076,1909f56bfc062723c751e8b465ee728b)
Start importing Assets/Ikjoon_Forder 1 using Guid(98bf080197e054223bedca66099465bf) Importer(815301076,1909f56bfc062723c751e8b465ee728b)  -> (artifact id: '11098ab15698754237d7da5c37b691a0') in 0.001442 seconds
Number of updated asset objects reloaded before import = 0
Number of asset objects unloaded after import = 0
========================================================================
Received Import Request.
  Time since last request: 0.125392 seconds.
  path: Assets/Ikjoon_Forder 2
  artifactKey: Guid(dc277772fc9dd48c39caba8f03eaf6d8) Importer(815301076,1909f56bfc062723c751e8b465ee728b)
Start importing Assets/Ikjoon_Forder 2 using Guid(dc277772fc9dd48c39caba8f03eaf6d8) Importer(815301076,1909f56bfc062723c751e8b465ee728b)  -> (artifact id: '36b2a3cbc8fd9fd4901093c96e6104bb') in 0.000480 seconds
Number of updated asset objects reloaded before import = 0
Number of asset objects unloaded after import = 0
========================================================================
Received Import Request.
  Time since last request: 0.179275 seconds.
  path: Assets/Ikjoon_Forder 3
  artifactKey: Guid(ce637807e70e24d19a326d21101b20fe) Importer(815301076,1909f56bfc062723c751e8b465ee728b)
Start importing Assets/Ikjoon_Forder 3 using Guid(ce637807e70e24d19a326d21101b20fe) Importer(815301076,1909f56bfc062723c751e8b465ee728b)  -> (artifact id: 'bb3916455c5f7e020a17a60cb4780035') in 0.000579 seconds
Number of updated asset objects reloaded before import = 0
Number of asset objects unloaded after import = 0
========================================================================
Received Import Request.
  Time since last request: 7.765736 seconds.
  path: Assets/Hj_Forder
  artifactKey: Guid(98bf080197e054223bedca66099465bf) Importer(815301076,1909f56bfc062723c751e8b465ee728b)
Start importing Assets/Hj_Forder using Guid(98bf080197e054223bedca66099465bf) Importer(815301076,1909f56bfc062723c751e8b465ee728b)  -> (artifact id: '8cb6ed7a5dce05e2f5acedf51ae572ea') in 0.000383 seconds
Number of updated asset objects reloaded before import = 0
Number of asset objects unloaded after import = 0
========================================================================
Received Import Request.
  Time since last request: 9.342637 seconds.
  path: Assets/SY_Forder
  artifactKey: Guid(dc277772fc9dd48c39caba8f03eaf6d8) Importer(815301076,1909f56bfc062723c751e8b465ee728b)
Start importing Assets/SY_Forder using Guid(dc277772fc9dd48c39caba8f03eaf6d8) Importer(815301076,1909f56bfc062723c751e8b465ee728b)  -> (artifact id: '9801b920207529b5dee778be25136328') in 0.000349 seconds
Number of updated asset objects reloaded before import = 0
Number of asset objects unloaded after import = 0
========================================================================
Received Import Request.
  Time since last request: 24.761016 seconds.
  path: Assets/JE_Forder
  artifactKey: Guid(ce637807e70e24d19a326d21101b20fe) Importer(815301076,1909f56bfc062723c751e8b465ee728b)
Start importing Assets/JE_Forder using Guid(ce637807e70e24d19a326d21101b20fe) Importer(815301076,1909f56bfc062723c751e8b465ee728b)  -> (artifact id: '9372f7a9b55a8b029b69efea41b5f74c') in 0.000373 seconds
Number of updated asset objects reloaded before import = 0
Number of asset objects unloaded after import = 0
========================================================================
Received Import Request.
  Time since last request: 5.220343 seconds.
  path: Assets/IK_Forder
  artifactKey: Guid(cdb7e00364630468ab5474ef1863dd51) Importer(815301076,1909f56bfc062723c751e8b465ee728b)
Start importing Assets/IK_Forder using Guid(cdb7e00364630468ab5474ef1863dd51) Importer(815301076,1909f56bfc062723c751e8b465ee728b)  -> (artifact id: '72fa166e494a99ba00296ce0856abeec') in 0.000373 seconds
Number of updated asset objects reloaded before import = 0
Number of asset objects unloaded after import = 0
